init from runs/s1_int_n1800/ckpt_040000
{"stage": 1, "episodes": 1800, "frames": 486000, "image_bytes": 6405693941, "data": ["data/i_bin_orig_s1_p0.jpk.npz", "data/i_bin_orig_s1_p1.jpk.npz", "data/i_bin_orig_s1_p2.jpk.npz", "data/i_bin_mirror_s1_p0.jpk.npz", "data/i_bin_mirror_s1_p1.jpk.npz", "data/i_bin_mirror_s1_p2.jpk.npz", "data/i_cup_orig_s1_p0.jpk.npz", "data/i_cup_orig_s1_p1.jpk.npz", "data/i_cup_orig_s1_p2.jpk.npz", "data/i_cup_mirror_s1_p0.jpk.npz", "data/i_cup_mirror_s1_p1.jpk.npz", "data/i_cup_mirror_s1_p2.jpk.npz", "data/i_box_orig_s1_p0.jpk.npz", "data/i_box_orig_s1_p1.jpk.npz", "data/i_box_orig_s1_p2.jpk.npz", "data/i_box_mirror_s1_p0.jpk.npz", "data/i_box_mirror_s1_p1.jpk.npz", "data/i_box_mirror_s1_p2.jpk.npz"], "steps": 40000, "batch": 8, "lr": 1e-05, "params": 51597238, "img_hw": [120, 160], "chunk_size": 100, "kl_weight": 10.0, "device": "NVIDIA GeForce GTX 1080 Ti", "preprocess": null, "cams": ["front", "top"], "state_noise": 0.05, "init": "runs/s1_int_n1800/ckpt_040000", "step0": 40000, "seed": 1}
{"step": 42000, "loss": 0.09100721776485443, "l1_loss": 0.08785250201821328, "kld_loss": 0.0003154715709388256, "elapsed_s": 782.3180058002472}
{"step": 44000, "loss": 0.08903848318383098, "l1_loss": 0.08616064416244626, "kld_loss": 0.0002877839095890522, "elapsed_s": 1491.4848582744598}
{"step": 46000, "loss": 0.08462503148242831, "l1_loss": 0.08185763224959373, "kld_loss": 0.0002767399325966835, "elapsed_s": 2168.5636899471283}
{"step": 48000, "loss": 0.08151216924190521, "l1_loss": 0.0791526004485786, "kld_loss": 0.0002359568700194359, "elapsed_s": 2812.6051590442657}
{"step": 50000, "loss": 0.08210607133805752, "l1_loss": 0.0799355768598616, "kld_loss": 0.0002170494571328163, "elapsed_s": 3435.9429404735565}
{"step": 52000, "loss": 0.08135054506361485, "l1_loss": 0.0792665707692504, "kld_loss": 0.00020839743316173554, "elapsed_s": 4058.3583097457886}
{"step": 54000, "loss": 0.08160748168826103, "l1_loss": 0.07953443601727486, "kld_loss": 0.00020730456337332724, "elapsed_s": 4685.291806459427}
{"step": 56000, "loss": 0.08059708422981203, "l1_loss": 0.07884171540848911, "kld_loss": 0.00017553688958287238, "elapsed_s": 5322.443897724152}
{"step": 58000, "loss": 0.07853508079424501, "l1_loss": 0.07681060755625367, "kld_loss": 0.000172447320073843, "elapsed_s": 5987.103477478027}
{"step": 60000, "loss": 0.07670792923308908, "l1_loss": 0.0751445294637233, "kld_loss": 0.00015633998438715935, "elapsed_s": 6651.2233283519745}
{"step": 62000, "loss": 0.07245385691523552, "l1_loss": 0.07114433150738478, "kld_loss": 0.00013095254078507424, "elapsed_s": 7313.836568593979}
{"step": 64000, "loss": 0.07604956973344087, "l1_loss": 0.07485379081219434, "kld_loss": 0.00011957788839936256, "elapsed_s": 7941.031453371048}
{"step": 66000, "loss": 0.07200309896841645, "l1_loss": 0.07102225665003062, "kld_loss": 9.80842299759388e-05, "elapsed_s": 8550.696313381195}
{"step": 68000, "loss": 0.07458842151798308, "l1_loss": 0.07367429506964981, "kld_loss": 9.141264483332634e-05, "elapsed_s": 9191.348276853561}
{"step": 70000, "loss": 0.07166783112101256, "l1_loss": 0.07084115902893245, "kld_loss": 8.266720920801163e-05, "elapsed_s": 9904.865785598755}
{"step": 72000, "loss": 0.07186321030370892, "l1_loss": 0.07113855552859605, "kld_loss": 7.246548309922218e-05, "elapsed_s": 10604.067237615585}
{"step": 74000, "loss": 0.06830765102058649, "l1_loss": 0.06768534276634455, "kld_loss": 6.223082542419433e-05, "elapsed_s": 11328.968826055527}
{"step": 76000, "loss": 0.06872257234528661, "l1_loss": 0.06817067669704556, "kld_loss": 5.518956109881401e-05, "elapsed_s": 12128.646347045898}
{"step": 78000, "loss": 0.07037284824065865, "l1_loss": 0.0698954498488456, "kld_loss": 4.773983731865883e-05, "elapsed_s": 13016.052763700485}
{"step": 80000, "loss": 0.06943434746935964, "l1_loss": 0.06896871281787753, "kld_loss": 4.6563465148210525e-05, "elapsed_s": 13882.833083152771}
done 13883.627440214157
